Import failed: No module named 'fastapi'
